// Vitest Snapshot v1, https://vitest.dev/guide/snapshot.html

exports[`test in NavBar Component > it should match the snapshot 1`] = `
<div>
  <header
    class="MuiPaper-root MuiPaper-elevation MuiPaper-elevation4 MuiAppBar-root MuiAppBar-colorPrimary MuiAppBar-positionFixed mui-fixed css-11b3ww9-MuiPaper-root-MuiAppBar-root"
  >
    <div
      class="MuiToolbar-root MuiToolbar-gutters MuiToolbar-regular css-hyum1k-MuiToolbar-root"
    >
      <button
        class="MuiButtonBase-root MuiIconButton-root MuiIconButton-sizeMedium css-26d2de-MuiButtonBase-root-MuiIconButton-root"
        tabindex="0"
        type="button"
      >
        <svg
          aria-hidden="true"
          class="MuiSvgIcon-root MuiSvgIcon-fontSizeMedium css-1d159sf-MuiSvgIcon-root"
          data-testid="MenuOutlinedIcon"
          focusable="false"
          viewBox="0 0 24 24"
        >
          <path
            d="M3 18h18v-2H3zm0-5h18v-2H3zm0-7v2h18V6z"
          />
        </svg>
        <span
          class="MuiTouchRipple-root css-8je8zh-MuiTouchRipple-root"
        />
      </button>
      <div
        class="MuiGrid-root MuiGrid-container d-flex css-ucr93j-MuiGrid-root"
      >
        <div
          class="MuiGrid-root MuiGrid-item css-1ooslc8-MuiGrid-root"
        >
          <a
            class="MuiTypography-root MuiTypography-inherit MuiLink-root MuiLink-underlineAlways css-1tjhsu0-MuiTypography-root-MuiLink-root"
            href="//"
          >
            Tienda
          </a>
        </div>
        <div
          class="MuiGrid-root MuiGrid-item css-1ooslc8-MuiGrid-root"
        >
          <a
            class="MuiTypography-root MuiTypography-inherit MuiLink-root MuiLink-underlineAlways css-1tjhsu0-MuiTypography-root-MuiLink-root"
            href="//"
          >
            Cómo comprar
          </a>
        </div>
        <div
          class="MuiGrid-root MuiGrid-item css-1ooslc8-MuiGrid-root"
        >
          <a
            class="MuiTypography-root MuiTypography-inherit MuiLink-root MuiLink-underlineAlways css-1tjhsu0-MuiTypography-root-MuiLink-root"
            href="//"
          >
            Carrito
          </a>
        </div>
        <div
          class="MuiGrid-root MuiGrid-item css-1ooslc8-MuiGrid-root"
        >
          <a
            class="MuiTypography-root MuiTypography-inherit MuiLink-root MuiLink-underlineAlways css-1tjhsu0-MuiTypography-root-MuiLink-root"
            href="//"
          >
            Contacto
          </a>
        </div>
      </div>
    </div>
  </header>
</div>
`;

exports[`test in NavBar Component it should match the snapshot 1`] = `
<div>
  <header
    class="MuiPaper-root MuiPaper-elevation MuiPaper-elevation4 MuiAppBar-root MuiAppBar-colorPrimary MuiAppBar-positionFixed mui-fixed css-11b3ww9-MuiPaper-root-MuiAppBar-root"
  >
    <div
      class="MuiToolbar-root MuiToolbar-gutters MuiToolbar-regular css-hyum1k-MuiToolbar-root"
    >
      <button
        class="MuiButtonBase-root MuiIconButton-root MuiIconButton-sizeMedium css-26d2de-MuiButtonBase-root-MuiIconButton-root"
        tabindex="0"
        type="button"
      >
        <svg
          aria-hidden="true"
          class="MuiSvgIcon-root MuiSvgIcon-fontSizeMedium css-1d159sf-MuiSvgIcon-root"
          data-testid="MenuOutlinedIcon"
          focusable="false"
          viewBox="0 0 24 24"
        >
          <path
            d="M3 18h18v-2H3zm0-5h18v-2H3zm0-7v2h18V6z"
          />
        </svg>
        <span
          class="MuiTouchRipple-root css-8je8zh-MuiTouchRipple-root"
        />
      </button>
      <div
        class="MuiGrid-root MuiGrid-container d-flex css-ucr93j-MuiGrid-root"
      >
        <div
          class="MuiGrid-root MuiGrid-item css-1ooslc8-MuiGrid-root"
        >
          <a
            class="MuiTypography-root MuiTypography-inherit MuiLink-root MuiLink-underlineAlways css-1tjhsu0-MuiTypography-root-MuiLink-root"
            href="//"
          >
            Tienda
          </a>
        </div>
        <div
          class="MuiGrid-root MuiGrid-item css-1ooslc8-MuiGrid-root"
        >
          <a
            class="MuiTypography-root MuiTypography-inherit MuiLink-root MuiLink-underlineAlways css-1tjhsu0-MuiTypography-root-MuiLink-root"
            href="//"
          >
            Cómo comprar
          </a>
        </div>
        <div
          class="MuiGrid-root MuiGrid-item css-1ooslc8-MuiGrid-root"
        >
          <a
            class="MuiTypography-root MuiTypography-inherit MuiLink-root MuiLink-underlineAlways css-1tjhsu0-MuiTypography-root-MuiLink-root"
            href="//"
          >
            Carrito
          </a>
        </div>
        <div
          class="MuiGrid-root MuiGrid-item css-1ooslc8-MuiGrid-root"
        >
          <a
            class="MuiTypography-root MuiTypography-inherit MuiLink-root MuiLink-underlineAlways css-1tjhsu0-MuiTypography-root-MuiLink-root"
            href="//"
          >
            Contacto
          </a>
        </div>
      </div>
    </div>
  </header>
</div>
`;
